******************************************************************************
                  TI ARM Linker Unix v18.1.5                   
******************************************************************************
>> Linked Mon Mar  4 22:30:23 2019

OUTPUT FILE NAME:   <CircularFade_empty_CC3220SF_LAUNCHXL_tirtos_ccs.out>
ENTRY POINT SYMBOL: "_c_int00"  address: 010042f5


MEMORY CONFIGURATION

         name            origin    length      used     unused   attr    fill
----------------------  --------  ---------  --------  --------  ----  --------
  FLASH_HDR             01000000   000007ff  00000000  000007ff  R  X
  FLASH                 01000800   000ff800  000057ea  000fa016  R  X
  SRAM                  20000000   00040000  000094f4  00036b0c  RW X


SEGMENT ALLOCATION MAP

run origin  load origin   length   init length attrs members
----------  ----------- ---------- ----------- ----- -------
01000800    01000800    000057f0   000057f0    r-x
  01000800    01000800    0000003c   0000003c    r-- .resetVecs
  01000840    01000840    00004e0a   00004e0a    r-x .text
  0100564c    0100564c    0000073c   0000073c    r-- .const
  01005d88    01005d88    00000268   00000268    r-- .cinit
20000310    20000310    00008000   00000000    r--
  20000310    20000310    00008000   00000000    r-- .priheap
20008310    20008310    00000de8   00000000    rw-
  20008310    20008310    000006f8   00000000    rw- .data
  20008a08    20008a08    000006f0   00000000    rw- .bss
2003fc00    2003fc00    00000400   00000000    rw-
  2003fc00    2003fc00    00000400   00000000    rw- .stack


SECTION ALLOCATION MAP

 output                                  attributes/
section   page    origin      length       input sections
--------  ----  ----------  ----------   ----------------
.text      0    01000840    00004e0a     
                  01000840    0000042c     driverlib.a : prcm.obj (.text:PRCMCC3200MCUInit)
                  01000c6c    000001d8     drivers_cc32xx.aem4 : GPIOCC32XX.oem4 (.text:GPIO_setConfig)
                  01000e44    00000188     empty.obj (.text:mainThread)
                  01000fcc    00000158     dpl_cc32xx.aem4 : PowerCC32XX_tirtos.oem4 (.text:PowerCC32XX_sleepPolicy)
                  01001124    00000004                     : ClockP_tirtos.oem4 (.text:ClockP_getCpuFreq)
                  01001128    0000014c     sysbios.aem4 : BIOS.obj (.text:ti_sysbios_knl_Semaphore_pend__E)
                  01001274    00000148     drivers_cc32xx.aem4 : PowerCC32XX.oem4 (.text:parkPins)
                  010013bc    00000140                         : PWMTimerCC32XX.oem4 (.text:PWMTimerCC32XX_setDutyAndPeriod)
                  010014fc    00000004     dpl_cc32xx.aem4 : HwiP_tirtos.oem4 (.text:HwiP_disable)
                  01001500    00000120     sysbios.aem4 : BIOS.obj (.text:ti_sysbios_knl_Task_Instance_finalize__E)
                  01001620    0000011c                  : BIOS.obj (.text:xdc_runtime_Startup_startMods__I)
                  0100173c    00000118     drivers_cc32xx.aem4 : PowerCC32XX.oem4 (.text:Power_sleep)
                  01001854    00000004     dpl_cc32xx.aem4 : SemaphoreP_tirtos.oem4 (.text:SemaphoreP_post)
                  01001858    00000118     sysbios.aem4 : BIOS.obj (.text:ti_sysbios_knl_Task_postInit__I)
                  01001970    000000fc                  : BIOS.obj (.text:ti_sysbios_knl_Task_Instance_init__E)
                  01001a6c    00000004     release_pem4.oem4 (.text:ti_sysbios_BIOS_RtsGateProxy_enter__E)
                  01001a70    000000f4     sysbios.aem4 : BIOS.obj (.text:pthread_create)
                  01001b64    000000f0     drivers_cc32xx.aem4 : PWMTimerCC32XX.oem4 (.text:PWMTimerCC32XX_open)
                  01001c54    00000004     release_pem4.oem4 (.text:ti_sysbios_BIOS_RtsGateProxy_leave__E)
                  01001c58    000000e0     sysbios.aem4 : BIOS.obj (.text:ti_sysbios_knl_Task_sleep__E)
                  01001d38    000000d0                  : m3_Hwi_asm.obj (.text:ti_sysbios_family_arm_m3_Hwi_dispatch__I)
                  01001e08    000000d0                  : BIOS.obj (.text:ti_sysbios_heaps_HeapMem_alloc__E)
                  01001ed8    000000c4     drivers_cc32xx.aem4 : GPIOCC32XX.oem4 (.text:GPIO_init)
                  01001f9c    000000c4                         : PWMTimerCC32XX.oem4 (.text:PWMTimerCC32XX_stop)
                  01002060    000000bc     sysbios.aem4 : BIOS.obj (.text:xdc_runtime_Core_createObject__I)
                  0100211c    000000b8     drivers_cc32xx.aem4 : PWMTimerCC32XX.oem4 (.text:PWMTimerCC32XX_setDuty)
                  010021d4    000000ac                         : PowerCC32XX.oem4 (.text:restoreParkedPins)
                  01002280    000000a8                         : PowerCC32XX.oem4 (.text:PowerCC32XX_configureWakeup)
                  01002328    000000a4                         : PWMTimerCC32XX.oem4 (.text:initHw)
                  010023cc    00000004     release_pem4.oem4 (.text:ti_sysbios_family_arm_m3_TaskSupport_Module__startupDone__S)
                  010023d0    000000a4     sysbios.aem4 : BIOS.obj (.text:ti_sysbios_knl_Task_setPri__E)
                  01002474    000000a0     auto_init.aem4 : auto_init.oem4 (.text)
                  01002514    00000004     release_pem4.oem4 (.text:ti_sysbios_heaps_HeapMem_Module_GateProxy_enter__E)
                  01002518    0000009c     sysbios.aem4 : BIOS.obj (.text:_pthread_removeThreadKeys)
                  010025b4    0000009c     rtsv7M4_T_le_eabi.lib : memcpy_t2.asm.obj (.text)
                  01002650    00000098     drivers_cc32xx.aem4 : PWMTimerCC32XX.oem4 (.text:PWMTimerCC32XX_setPeriod)
                  010026e8    00000098                         : GPIOCC32XX.oem4 (.text:powerNotifyFxn)
                  01002780    00000098     sysbios.aem4 : BIOS.obj (.text:ti_sysbios_family_arm_m3_Hwi_Instance_init__E)
                  01002818    00000096     rtsv7M4_T_le_eabi.lib : ull_div_t2.asm.obj (.text)
                  010028ae    00000002     drivers_cc32xx.aem4 : PWMTimerCC32XX.oem4 (.text:PWMTimerCC32XX_init)
                  010028b0    00000094     sysbios.aem4 : BIOS.obj (.text:ti_sysbios_knl_Task_exit__E)
                  01002944    00000090     drivers_cc32xx.aem4 : PowerCC32XX.oem4 (.text:restoreNVICRegs)
                  010029d4    00000004     release_pem4.oem4 (.text:ti_sysbios_heaps_HeapMem_Module_GateProxy_leave__E)
                  010029d8    00000090     sysbios.aem4 : BIOS.obj (.text:ti_sysbios_knl_Task_Module_startup__E)
                  01002a68    0000008c                  : BIOS.obj (.text:xdc_runtime_Memory_alloc__E)
                  01002af4    00000088     drivers_cc32xx.aem4 : PWMTimerCC32XX.oem4 (.text:PWMTimerCC32XX_close)
                  01002b7c    00000088     driverlib.a : pin.obj (.text:PinConfigSet)
                  01002c04    00000004     release_pem4.oem4 (.text:ti_sysbios_knl_Clock_TimerProxy_getMaxTicks__E)
                  01002c08    00000088     sysbios.aem4 : BIOS.obj (.text:ti_sysbios_family_arm_m3_Hwi_initNVIC__E)
                  01002c90    00000088                  : BIOS.obj (.text:ti_sysbios_family_arm_m3_TaskSupport_start__E)
                  01002d18    00000088                  : BIOS.obj (.text:ti_sysbios_knl_Mailbox_Module_startup__E)
                  01002da0    00000086                  : BIOS.obj (.text:xdc_runtime_Core_constructObject__I)
                  01002e26    00000002     rtsv7M4_T_le_eabi.lib : _lock.c.obj (.text:_nop)
                  01002e28    00000084     drivers_cc32xx.aem4 : PowerCC32XX.oem4 (.text:Power_init)
                  01002eac    00000084                         : PowerCC32XX.oem4 (.text:saveNVICRegs)
                  01002f30    00000084     sysbios.aem4 : BIOS.obj (.text:ti_sysbios_family_arm_m3_Hwi_postInit__I)
                  01002fb4    00000004     release_pem4.oem4 (.text:ti_sysbios_knl_Clock_TimerProxy_setPeriodMicroSecs__E)
                  01002fb8    00000084     sysbios.aem4 : BIOS.obj (.text:ti_sysbios_heaps_HeapMem_free__E)
                  0100303c    00000080     drivers_cc32xx.aem4 : PowerCC32XX.oem4 (.text:Power_setDependency)
                  010030bc    00000004     release_pem4.oem4 (.text:ti_sysbios_knl_Clock_TimerProxy_start__E)
                  010030c0    00000080     sysbios.aem4 : BIOS.obj (.text:ti_sysbios_knl_Clock_workFunc__E)
                  01003140    0000007c                  : BIOS.obj (.text:xdc_runtime_Core_deleteObject__I)
                  010031bc    0000007a     rtsv7M4_T_le_eabi.lib : memset_t2.asm.obj (.text)
                  01003236    00000002                           : div0.asm.obj (.text)
                  01003238    00000078     drivers_cc32xx.aem4 : GPIOCC32XX.oem4 (.text:GPIO_hwiIntFxn)
                  010032b0    00000070     sysbios.aem4 : BIOS.obj (.text:ti_sysbios_heaps_HeapMem_initPrimary__I)
                  01003320    0000006c                  : BIOS.obj (.text:ti_sysbios_knl_Swi_restoreHwi__E)
                  0100338c    00000068     drivers_cc32xx.aem4 : PWMTimerCC32XX.oem4 (.text:PWMTimerCC32XX_start)
                  010033f4    00000068     rtsv7M4_T_le_eabi.lib : copy_decompress_lzss.c.obj (.text:decompress:lzss:__TI_decompress_lzss)
                  0100345c    00000004     release_pem4.oem4 (.text:ti_sysbios_knl_Clock_TimerProxy_stop__E)
                  01003460    00000068     sysbios.aem4 : BIOS.obj (.text:pthread_exit)
                  010034c8    00000064     drivers_cc32xx.aem4 : PowerCC32XX.oem4 (.text:PowerCC32XX_setParkState)
                  0100352c    00000064     main_tirtos.obj (.text:main)
                  01003590    00000064     sysbios.aem4 : BIOS.obj (.text:ti_sysbios_family_arm_m3_Hwi_dispatchC__I)
                  010035f4    00000060     driverlib.a : prcm.obj (.text:PRCMSysResetCauseGet)
                  01003654    00000060     empty.obj (.text:changeIndex)
                  010036b4    00000004     release_pem4.oem4 (.text:ti_sysbios_knl_Semaphore_delete)
                  010036b8    00000060     sysbios.aem4 : BIOS.obj (.text:ti_sysbios_knl_Semaphore_post__E)
                  01003718    00000060                  : BIOS.obj (.text:ti_sysbios_knl_Swi_run__I)
                  01003778    0000005c                  : BIOS.obj (.text:ti_sysbios_family_arm_m3_Timer_setPeriod__E)
                  010037d4    00000004     release_pem4.oem4 (.text:ti_sysbios_knl_Task_delete)
                  010037d8    0000005c     sysbios.aem4 : BIOS.obj (.text:ti_sysbios_family_arm_m3_Timer_start__E)
                  01003834    00000004     release_pem4.oem4 (.text:xdc_runtime_System_Module_GateProxy_enter__E)
                  01003838    0000005c     sysbios.aem4 : BIOS.obj (.text:ti_sysbios_knl_Swi_schedule__I)
                  01003894    00000004     release_pem4.oem4 (.text:xdc_runtime_System_Module_GateProxy_leave__E)
                  01003898    0000005c     sysbios.aem4 : BIOS.obj (.text:ti_sysbios_knl_Task_startCore__E)
                  010038f4    00000002     release_pem4.oem4 (.text:ti_sysbios_BIOS_nullFunc__I)
                  010038f6    00000002     release_pem4.oem4 (.text:xdc_runtime_Startup_reset__I)
                  010038f8    0000005c     sysbios.aem4 : BIOS.obj (.text:xdc_runtime_Startup_exec__E)
                  01003954    00000058     drivers_cc32xx.aem4 : GPIOCC32XX.oem4 (.text:GPIO_setCallback)
                  010039ac    00000058     driverlib.a : prcm.obj (.text:PRCMPeripheralReset)
                  01003a04    00000058     drivers_cc32xx.aem4 : PowerCC32XX.oem4 (.text:Power_releaseDependency)
                  01003a5c    00000054     release_pem4.oem4 (.text:ti_sysbios_family_arm_m3_Hwi_create)
                  01003ab0    00000054     sysbios.aem4 : BIOS.obj (.text:xdc_runtime_Core_assignLabel__I)
                  01003b04    00000052     drivers_cc32xx.aem4 : PowerCC32XX_asm.oem4 (.text:PowerCC32XX_resumeLPDS)
                  01003b56    00000002     --HOLE-- [fill = 0]
                  01003b58    00000050                         : TimerCC32XX.oem4 (.text:TimerCC32XX_allocateTimerResource)
                  01003ba8    00000050     sysbios.aem4 : BIOS.obj (.text:ti_sysbios_family_arm_m3_Hwi_Module_startup__E)
                  01003bf8    00000050     release_pem4.oem4 (.text:ti_sysbios_knl_Task_create)
                  01003c48    0000004c     drivers_cc32xx.aem4 : GPIOCC32XX.oem4 (.text:GPIO_enableInt)
                  01003c94    0000004c                         : PowerCC32XX.oem4 (.text:PowerCC32XX_parkPin)
                  01003ce0    0000004c     rtsv7M4_T_le_eabi.lib : cpy_tbl.c.obj (.text:copy_in)
                  01003d2c    0000004c     drivers_cc32xx.aem4 : PWMTimerCC32XX.oem4 (.text:getDutyCounts)
                  01003d78    0000004c                         : PWMTimerCC32XX.oem4 (.text:getPeriodCounts)
                  01003dc4    0000004c                         : PowerCC32XX.oem4 (.text:restorePeriphClocks)
                  01003e10    0000004c     sysbios.aem4 : BIOS.obj (.text:ti_sysbios_family_arm_m3_Timer_setPeriodMicroSecs__E)
                  01003e5c    00000004     --HOLE-- [fill = 0]
                  01003e60    0000004c                  : BIOS.obj (.text:ti_sysbios_heaps_HeapMem_getStats__E)
                  01003eac    00000004     --HOLE-- [fill = 0]
                  01003eb0    0000004c                  : BIOS.obj (.text:ti_sysbios_knl_Swi_runLoop__I)
                  01003efc    00000004     --HOLE-- [fill = 0]
                  01003f00    0000004c                  : BIOS.obj (.text:ti_sysbios_knl_Task_allBlockedFunction__I)
                  01003f4c    00000004     --HOLE-- [fill = 0]
                  01003f50    0000004c                  : BIOS.obj (.text:ti_sysbios_knl_Task_schedule__I)
                  01003f9c    00000048     driverlib.a : flash.obj (.text:FlashDisable)
                  01003fe4    00000048                 : prcm.obj (.text:PRCMLPDSEnter)
                  0100402c    00000048                 : prcm.obj (.text:PRCMPeripheralClkEnable)
                  01004074    00000048     drivers_cc32xx.aem4 : PowerCC32XX.oem4 (.text:Power_releaseConstraint)
                  010040bc    00000004     --HOLE-- [fill = 0]
                  010040c0    00000048     sysbios.aem4 : BIOS.obj (.text:ti_sysbios_family_arm_m3_Hwi_disableInterrupt__E)
                  01004108    00000048                  : BIOS.obj (.text:ti_sysbios_family_arm_m3_Hwi_enableInterrupt__E)
                  01004150    00000048                  : m3_Hwi_asm_switch.obj (.text:ti_sysbios_family_arm_m3_Hwi_initStacks__E)
                  01004198    00000048                  : BIOS.obj (.text:ti_sysbios_family_arm_m3_Timer_initDevice__I)
                  010041e0    00000048                  : BIOS.obj (.text:xdc_runtime_Core_assignParams__I)
                  01004228    00000044     driverlib.a : prcm.obj (.text:PRCMLPDSRestoreInfoSet)
                  0100426c    00000044     drivers_cc32xx.aem4 : PWM.oem4 (.text:PWM_init)
                  010042b0    00000044                         : PowerCC32XX_asm.oem4 (.text:PowerCC32XX_enterLPDS)
                  010042f4    00000044     boot.aem4 : boot.oem4 (.text)
                  01004338    00000044     sysbios.aem4 : BIOS.obj (.text:ti_sysbios_family_arm_m3_Hwi_getStackInfo__E)
                  0100437c    00000004     --HOLE-- [fill = 0]
                  01004380    00000044                  : BIOS.obj (.text:ti_sysbios_knl_Swi_post__E)
                  010043c4    00000004     --HOLE-- [fill = 0]
                  010043c8    00000044                  : BIOS.obj (.text:xdc_runtime_System_atexit__E)
                  0100440c    00000040     dpl_cc32xx.aem4 : HwiP_tirtos.oem4 (.text:HwiP_create)
                  0100444c    00000040     driverlib.a : pin.obj (.text:PinModeSet)
                  0100448c    00000004     --HOLE-- [fill = 0]
                  01004490    00000040     sysbios.aem4 : BIOS.obj (.text:ti_sysbios_heaps_HeapMem_Instance_init__E)
                  010044d0    0000003c     drivers_cc32xx.aem4 : PWM.oem4 (.text:PWM_open)
                  0100450c    0000003c                         : PowerCC32XX.oem4 (.text:Power_setConstraint)
                  01004548    0000003c     sysbios.aem4 : BIOS.obj (.text:ti_sysbios_family_arm_m3_Hwi_Instance_finalize__E)
                  01004584    00000004     --HOLE-- [fill = 0]
                  01004588    0000003c                  : BIOS.obj (.text:ti_sysbios_knl_Clock_walkQueuePeriodic__E)
                  010045c4    00000004     --HOLE-- [fill = 0]
                  010045c8    0000003c                  : BIOS.obj (.text:ti_sysbios_knl_Swi_restore__E)
                  01004604    00000004     --HOLE-- [fill = 0]
                  01004608    0000003c                  : BIOS.obj (.text:usleep)
                  01004644    00000004     --HOLE-- [fill = 0]
                  01004648    0000003c                  : BIOS.obj (.text:xdc_runtime_System_processAtExit__E)
                  01004684    0000003a     dpl_cc32xx.aem4 : PowerCC32XX_tirtos.oem4 (.text:getCountsRTC)
                  010046be    0000003a     drivers_cc32xx.aem4 : PWMTimerCC32XX.oem4 (.text:getPowerMgrId)
                  010046f8    00000038     driverlib.a : prcm.obj (.text:PRCMLPDSEnterKeepDebugIf)
                  01004730    00000038     drivers_cc32xx.aem4 : PowerCC32XX.oem4 (.text:notify)
                  01004768    00000038     sysbios.aem4 : BIOS.obj (.text:ti_sysbios_knl_Task_processVitalTaskFlag__I)
                  010047a0    00000034     driverlib.a : pin.obj (.text:PinModeGet)
                  010047d4    00000034     drivers_cc32xx.aem4 : TimerCC32XX.oem4 (.text:TimerCC32XX_freeTimerResource)
                  01004808    00000034     sysbios.aem4 : BIOS.obj (.text:_pthread_delete$41)
                  0100483c    00000034     drivers_cc32xx.aem4 : TimerCC32XX.oem4 (.text:getPowerMgrId)
                  01004870    00000034     sysbios.aem4 : BIOS.obj (.text:ti_sysbios_family_arm_m3_Timer_Module_startup__E)
                  010048a4    00000004     --HOLE-- [fill = 0]
                  010048a8    00000034                  : BIOS.obj (.text:ti_sysbios_family_arm_m3_Timer_periodicStub__I)
                  010048dc    00000034     release_pem4.oem4 (.text:ti_sysbios_knl_Semaphore_create)
                  01004910    00000032     sysbios.aem4 : BIOS.obj (.text:ti_sysbios_hal_Hwi_initStack)
                  01004942    00000030     drivers_cc32xx.aem4 : PowerCC32XX.oem4 (.text:PowerCC32XX_restoreParkedPin)
                  01004972    00000002     --HOLE-- [fill = 0]
                  01004974    00000030     release_pem4.oem4 (.text:ti_sysbios_BIOS_atExitFunc__I)
                  010049a4    00000030     release_pem4.oem4 (.text:ti_sysbios_BIOS_startFunc__I)
                  010049d4    00000030     release_pem4.oem4 (.text:ti_sysbios_gates_GateHwi_Object__create__S)
                  01004a04    00000030     release_pem4.oem4 (.text:ti_sysbios_gates_GateMutex_Object__create__S)
                  01004a34    00000004     --HOLE-- [fill = 0]
                  01004a38    00000030     sysbios.aem4 : BIOS.obj (.text:ti_sysbios_gates_GateMutex_enter__E)
                  01004a68    00000030     release_pem4.oem4 (.text:ti_sysbios_heaps_HeapMem_Object__create__S)
                  01004a98    00000030     release_pem4.oem4 (.text:ti_sysbios_knl_Semaphore_construct)
                  01004ac8    00000030     sysbios.aem4 : BIOS.obj (.text:ti_sysbios_knl_Semaphore_pendTimeout__I)
                  01004af8    00000030                  : BIOS.obj (.text:ti_sysbios_knl_Task_restore__E)
                  01004b28    00000030                  : BIOS.obj (.text:ti_sysbios_knl_Task_unblockI__E)
                  01004b58    0000002c     dpl_cc32xx.aem4 : SemaphoreP_tirtos.oem4 (.text:SemaphoreP_createBinary)
                  01004b84    00000004     --HOLE-- [fill = 0]
                  01004b88    0000002c     sysbios.aem4 : BIOS.obj (.text:_pthread_cleanupFxn)
                  01004bb4    0000002c     release_pem4.oem4 (.text:ti_sysbios_knl_Clock_doTick__I)
                  01004be0    0000002c     release_pem4.oem4 (.text:ti_sysbios_knl_Queue_construct)
                  01004c0c    00000028     driverlib.a : prcm.obj (.text:PRCMPeripheralClkDisable)
                  01004c34    00000028     dpl_cc32xx.aem4 : PowerCC32XX_tirtos.oem4 (.text:PowerCC32XX_initPolicy)
                  01004c5c    00000028     drivers_cc32xx.aem4 : PowerCC32XX.oem4 (.text:Power_registerNotify)
                  01004c84    00000004     --HOLE-- [fill = 0]
                  01004c88    00000028     sysbios.aem4 : BIOS.obj (.text:ti_sysbios_knl_Swi_Module_startup__E)
                  01004cb0    00000026     drivers_cc32xx.aem4 : List.oem4 (.text:List_put)
                  01004cd6    00000026                         : List.oem4 (.text:List_remove)
                  01004cfc    00000004     --HOLE-- [fill = 0]
                  01004d00    00000024     sysbios.aem4 : BIOS.obj (.text:pthread_attr_init)
                  01004d24    00000024     release_pem4.oem4 (.text:ti_sysbios_BIOS_registerRTSLock__I)
                  01004d48    00000024     release_pem4.oem4 (.text:ti_sysbios_BIOS_removeRTSLock__I)
                  01004d6c    00000004     --HOLE-- [fill = 0]
                  01004d70    00000024     sysbios.aem4 : BIOS.obj (.text:ti_sysbios_family_arm_m3_Timer_startup__E)
                  01004d94    00000024     release_pem4.oem4 (.text:ti_sysbios_gates_GateMutex_Object__delete__S)
                  01004db8    00000024     sysbios.aem4 : BIOS.obj (.text:ti_sysbios_knl_Clock_Module_startup__E)
                  01004ddc    00000004     --HOLE-- [fill = 0]
                  01004de0    00000024                  : BIOS.obj (.text:ti_sysbios_knl_Semaphore_Instance_init__E)
                  01004e04    00000024     release_pem4.oem4 (.text:ti_sysbios_knl_Semaphore_Object__delete__S)
                  01004e28    00000024     sysbios.aem4 : BIOS.obj (.text:ti_sysbios_knl_Task_restoreHwi__E)
                  01004e4c    00000004     --HOLE-- [fill = 0]
                  01004e50    00000024                  : BIOS.obj (.text:xdc_runtime_Error_policyMin__E)
                  01004e74    00000020     drivers_cc32xx.aem4 : PowerCC32XX.oem4 (.text:Power_unregisterNotify)
                  01004e94    00000020     release_pem4.oem4 (.text:ti_sysbios_BIOS_rtsLock__I)
                  01004eb4    00000020     sysbios.aem4 : m3_Hwi_asm.obj (.text:ti_sysbios_family_arm_m3_Hwi_excHandlerAsm__I)
                  01004ed4    00000004     --HOLE-- [fill = 0]
                  01004ed8    00000020                  : BIOS.obj (.text:ti_sysbios_family_arm_m3_Hwi_excHandler__I)
                  01004ef8    00000020     release_pem4.oem4 (.text:ti_sysbios_gates_GateHwi_Object__delete__S)
                  01004f18    00000020     release_pem4.oem4 (.text:ti_sysbios_heaps_HeapMem_Object__delete__S)
                  01004f38    00000020     sysbios.aem4 : BIOS.obj (.text:ti_sysbios_knl_Idle_run__E)
                  01004f58    00000020     release_pem4.oem4 (.text:ti_sysbios_knl_Semaphore_destruct)
                  01004f78    00000020     release_pem4.oem4 (.text:ti_sysbios_knl_Task_Object__delete__S)
                  01004f98    0000001e     sysbios.aem4 : m3_Hwi_asm_switch.obj (.text:ti_sysbios_family_xxx_Hwi_switchAndRunFunc)
                  01004fb6    00000002     --HOLE-- [fill = 0]
                  01004fb8    0000001c     driverlib.a : pin.obj (.text:PinToPadGet)
                  01004fd4    00000004     --HOLE-- [fill = 0]
                  01004fd8    0000001c     sysbios.aem4 : BIOS.obj (.text:ti_sysbios_family_arm_m3_Timer_stop__E)
                  01004ff4    00000004     --HOLE-- [fill = 0]
                  01004ff8    0000001c                  : BIOS.obj (.text:ti_sysbios_gates_GateMutex_Instance_init__E)
                  01005014    0000001c     release_pem4.oem4 (.text:ti_sysbios_knl_Queue_destruct)
                  01005030    0000001c     sysbios.aem4 : BIOS.obj (.text:ti_sysbios_knl_Queue_put__E)
                  0100504c    00000004     --HOLE-- [fill = 0]
                  01005050    0000001c                  : BIOS.obj (.text:ti_sysbios_knl_Task_enter__I)
                  0100506c    00000004     --HOLE-- [fill = 0]
                  01005070    0000001c                  : BIOS.obj (.text:ti_sysbios_rts_ti_ReentSupport_getReent__F)
                  0100508c    0000001a                  : m3_Hwi_asm.obj (.text:ti_sysbios_family_arm_m3_Hwi_pendSV__I)
                  010050a6    00000002     --HOLE-- [fill = 0]
                  010050a8    00000018     drivers_cc32xx.aem4 : PowerCC32XX.oem4 (.text:Power_idleFunc)
                  010050c0    00000018     rtsv7M4_T_le_eabi.lib : args_main.c.obj (.text:_args_main)
                  010050d8    00000018                           : ll_mul_t2.asm.obj (.text)
                  010050f0    00000018     release_pem4.oem4 (.text:ti_sysbios_BIOS_rtsUnlock__I)
                  01005108    00000018     release_pem4.oem4 (.text:ti_sysbios_family_arm_m3_Hwi_Module__startupDone__F)
                  01005120    00000018     release_pem4.oem4 (.text:ti_sysbios_family_arm_m3_Timer_Module__startupDone__F)
                  01005138    00000018     release_pem4.oem4 (.text:ti_sysbios_gates_GateHwi_Handle__label__S)
                  01005150    00000018     release_pem4.oem4 (.text:ti_sysbios_gates_GateMutex_Handle__label__S)
                  01005168    00000018     sysbios.aem4 : BIOS.obj (.text:ti_sysbios_gates_GateMutex_leave__E)
                  01005180    00000018     release_pem4.oem4 (.text:ti_sysbios_heaps_HeapMem_Handle__label__S)
                  01005198    00000018     sysbios.aem4 : BIOS.obj (.text:ti_sysbios_knl_Task_sleepTimeout__I)
                  010051b0    00000018     release_pem4.oem4 (.text:ti_sysbios_rts_ti_ReentSupport_getTlsAddr__I)
                  010051c8    00000018     sysbios.aem4 : BIOS.obj (.text:xdc_runtime_System_exit__E)
                  010051e0    00000016     driverlib.a : prcm.obj (.text:PRCMHIBRegRead)
                  010051f6    00000016                 : prcm.obj (.text:PRCMHIBRegWrite)
                  0100520c    00000016     release_pem4.oem4 (.text:ti_sysbios_BIOS_exitFunc__I)
                  01005222    00000002     --HOLE-- [fill = 0]
                  01005224    00000014     drivers_cc32xx.aem4 : PWM.oem4 (.text:PWM_Params_init)
                  01005238    00000014                         : PowerCC32XX.oem4 (.text:Power_getDependencyCount)
                  0100524c    00000004     --HOLE-- [fill = 0]
                  01005250    00000014     sysbios.aem4 : BIOS.obj (.text:pthread_attr_setschedparam)
                  01005264    00000014     release_pem4.oem4 (.text:ti_sysbios_family_arm_m3_Hwi_Object__get__S)
                  01005278    00000014     sysbios.aem4 : BIOS.obj (.text:ti_sysbios_family_arm_m3_Hwi_switchFromBootStack__E)
                  0100528c    00000014                  : m3_TaskSupport_asm.obj (.text:ti_sysbios_family_arm_m3_TaskSupport_swap__E)
                  010052a0    00000014     release_pem4.oem4 (.text:ti_sysbios_heaps_HeapMem_Object__get__S)
                  010052b4    00000004     --HOLE-- [fill = 0]
                  010052b8    00000014     sysbios.aem4 : BIOS.obj (.text:ti_sysbios_knl_Clock_tickReconfig__E)
                  010052cc    00000014     release_pem4.oem4 (.text:ti_sysbios_knl_Swi_Object__get__S)
                  010052e0    00000012     dpl_cc32xx.aem4 : SemaphoreP_tirtos.oem4 (.text:SemaphoreP_pend)
                  010052f2    00000006     drivers_cc32xx.aem4 : PWMTimerCC32XX.oem4 (.text:PWMTimerCC32XX_control)
                  010052f8    00000012     sysbios.aem4 : BIOS.obj (.text:_pthread_runStub$41)
                  0100530a    00000012     drivers_cc32xx.aem4 : PWMTimerCC32XX.oem4 (.text:postNotifyFxn)
                  0100531c    00000004     --HOLE-- [fill = 0]
                  01005320    00000012     sysbios.aem4 : BIOS.obj (.text:ti_sysbios_hal_Hwi_Module_startup__E)
                  01005332    00000012     release_pem4.oem4 (.text:xdc_runtime_Startup_exec__I)
                  01005344    00000010     dpl_cc32xx.aem4 : HwiP_tirtos.oem4 (.text:HwiP_Params_init)
                  01005354    00000004     --HOLE-- [fill = 0]
                  01005358    00000010     sysbios.aem4 : BIOS.obj (.text:ti_sysbios_BIOS_getCpuFreq__E)
                  01005368    00000010                  : BIOS.obj (.text:ti_sysbios_BIOS_setThreadType__E)
                  01005378    00000010                  : BIOS.obj (.text:ti_sysbios_BIOS_start__E)
                  01005388    00000010                  : m3_TaskSupport_asm.obj (.text:ti_sysbios_family_arm_m3_TaskSupport_glue)
                  01005398    00000010                  : BIOS.obj (.text:ti_sysbios_gates_GateMutex_Instance_finalize__E)
                  010053a8    00000010     release_pem4.oem4 (.text:ti_sysbios_knl_Mailbox_Object__get__S)
                  010053b8    00000010     sysbios.aem4 : BIOS.obj (.text:ti_sysbios_knl_Semaphore_Instance_finalize__E)
                  010053c8    00000010                  : BIOS.obj (.text:ti_sysbios_knl_Swi_disable__E)
                  010053d8    00000010     release_pem4.oem4 (.text:ti_sysbios_knl_Task_Object__get__S)
                  010053e8    00000010     sysbios.aem4 : BIOS.obj (.text:ti_sysbios_knl_Task_disable__E)
                  010053f8    00000010                  : BIOS.obj (.text:xdc_runtime_SysCallback_abort__E)
                  01005408    00000010                  : BIOS.obj (.text:xdc_runtime_SysCallback_exit__E)
                  01005418    0000000e     rtsv7M4_T_le_eabi.lib : copy_decompress_none.c.obj (.text:decompress:none:__TI_decompress_none)
                  01005426    00000002     --HOLE-- [fill = 0]
                  01005428    0000000e     sysbios.aem4 : BIOS.obj (.text:pthread_attr_setdetachstate)
                  01005436    00000002     --HOLE-- [fill = 0]
                  01005438    0000000e                  : BIOS.obj (.text:ti_sysbios_knl_Idle_loop__E)
                  01005446    00000002     --HOLE-- [fill = 0]
                  01005448    0000000e                  : BIOS.obj (.text:ti_sysbios_knl_Queue_empty__E)
                  01005456    0000000c     CC3220SF_LAUNCHXL.obj (.text:CC3220SF_LAUNCHXL_initGeneral)
                  01005462    00000002     --HOLE-- [fill = 0]
                  01005464    0000000c     drivers_cc32xx.aem4 : PowerCC32XX.oem4 (.text:Power_getConstraintMask)
                  01005470    0000000c     dpl_cc32xx.aem4 : SemaphoreP_tirtos.oem4 (.text:SemaphoreP_delete)
                  0100547c    0000000c     rtsv7M4_T_le_eabi.lib : _lock.c.obj (.text:_register_lock)
                  01005488    0000000c                           : _lock.c.obj (.text:_register_unlock)
                  01005494    0000000c                           : copy_zero_init.c.obj (.text:decompress:ZI:__TI_zero_init)
                  010054a0    0000000c     sysbios.aem4 : BIOS.obj (.text:ti_sysbios_BIOS_getThreadType__E)
                  010054ac    0000000c     release_pem4.oem4 (.text:ti_sysbios_family_arm_m3_Hwi_Params__init__S)
                  010054b8    0000000c     sysbios.aem4 : BIOS.obj (.text:ti_sysbios_family_arm_m3_Hwi_disableFxn__E)
                  010054c4    00000004     --HOLE-- [fill = 0]
                  010054c8    0000000c                  : BIOS.obj (.text:ti_sysbios_family_arm_m3_TaskSupport_getStackAlignment__E)
                  010054d4    00000004     --HOLE-- [fill = 0]
                  010054d8    0000000c                  : BIOS.obj (.text:ti_sysbios_gates_GateHwi_enter__E)
                  010054e4    00000004     --HOLE-- [fill = 0]
                  010054e8    0000000c                  : BIOS.obj (.text:ti_sysbios_knl_Clock_getTicks__E)
                  010054f4    00000004     --HOLE-- [fill = 0]
                  010054f8    0000000c                  : BIOS.obj (.text:ti_sysbios_knl_Clock_setTicks__E)
                  01005504    00000004     --HOLE-- [fill = 0]
                  01005508    0000000c                  : BIOS.obj (.text:ti_sysbios_knl_Clock_tickStart__E)
                  01005514    00000004     --HOLE-- [fill = 0]
                  01005518    0000000c                  : BIOS.obj (.text:ti_sysbios_knl_Clock_tickStop__E)
                  01005524    0000000c     release_pem4.oem4 (.text:ti_sysbios_knl_Queue_Object__get__S)
                  01005530    0000000c     release_pem4.oem4 (.text:ti_sysbios_knl_Semaphore_Params__init__S)
                  0100553c    0000000c     release_pem4.oem4 (.text:ti_sysbios_knl_Task_Params__init__S)
                  01005548    0000000c     sysbios.aem4 : BIOS.obj (.text:ti_sysbios_knl_Task_self__E)
                  01005554    00000004     --HOLE-- [fill = 0]
                  01005558    0000000c                  : BIOS.obj (.text:ti_sysbios_rts_ti_ReentSupport_taskRegHook__I)
                  01005564    00000004     --HOLE-- [fill = 0]
                  01005568    0000000c                  : BIOS.obj (.text:xdc_runtime_Startup_rtsDone__E)
                  01005574    0000000a     drivers_cc32xx.aem4 : PWM.oem4 (.text:PWM_setDuty)
                  0100557e    0000000a                         : PWM.oem4 (.text:PWM_start)
                  01005588    0000000a     release_pem4.oem4 (.text:xdc_runtime_IHeap_alloc)
                  01005592    0000000a     release_pem4.oem4 (.text:xdc_runtime_IHeap_free)
                  0100559c    00000004     --HOLE-- [fill = 0]
                  010055a0    00000008     sysbios.aem4 : BIOS.obj (.text:pthread_attr_setstacksize)
                  010055a8    00000008                  : BIOS.obj (.text:ti_sysbios_family_arm_m3_Hwi_doSwiRestore__I)
                  010055b0    00000008                  : BIOS.obj (.text:ti_sysbios_family_arm_m3_Hwi_startup__E)
                  010055b8    00000006     driverlib.a : utils.obj (.text:UtilsDelay)
                  010055be    00000002     --HOLE-- [fill = 0]
                  010055c0    00000006     sysbios.aem4 : BIOS.obj (.text:ti_sysbios_family_arm_m3_Hwi_doTaskRestore__I)
                  010055c6    00000002     --HOLE-- [fill = 0]
                  010055c8    00000006                  : BIOS.obj (.text:ti_sysbios_family_arm_m3_Hwi_restoreFxn__E)
                  010055ce    00000002     --HOLE-- [fill = 0]
                  010055d0    00000006                  : BIOS.obj (.text:ti_sysbios_gates_GateHwi_leave__E)
                  010055d6    00000002     --HOLE-- [fill = 0]
                  010055d8    00000006                  : BIOS.obj (.text:ti_sysbios_heaps_HeapMem_isBlocking__E)
                  010055de    00000002     --HOLE-- [fill = 0]
                  010055e0    00000006                  : BIOS.obj (.text:ti_sysbios_knl_Queue_Instance_init__E)
                  010055e6    00000002     --HOLE-- [fill = 0]
                  010055e8    00000006                  : BIOS.obj (.text:ti_sysbios_knl_Swi_startup__E)
                  010055ee    00000002     --HOLE-- [fill = 0]
                  010055f0    00000006                  : BIOS.obj (.text:xdc_runtime_System_Module_startup__E)
                  010055f6    00000002     --HOLE-- [fill = 0]
                  010055f8    00000004                  : BIOS.obj (.text:ti_sysbios_family_arm_m3_Timer_getMaxTicks__E)
                  010055fc    00000004     --HOLE-- [fill = 0]
                  01005600    00000004                  : BIOS.obj (.text:ti_sysbios_gates_GateHwi_query__E)
                  01005604    00000004     --HOLE-- [fill = 0]
                  01005608    00000004                  : BIOS.obj (.text:ti_sysbios_gates_GateMutex_query__E)
                  0100560c    00000004     --HOLE-- [fill = 0]
                  01005610    00000004                  : BIOS.obj (.text:ti_sysbios_knl_Task_startup__E)
                  01005614    00000004     --HOLE-- [fill = 0]
                  01005618    00000002                  : BIOS.obj (.text:ti_sysbios_BIOS_linkedWithIncorrectBootLibrary__E)
                  0100561a    00000006     --HOLE-- [fill = 0]
                  01005620    00000002                  : BIOS.obj (.text:ti_sysbios_gates_GateHwi_Instance_init__E)
                  01005622    00000006     --HOLE-- [fill = 0]
                  01005628    00000002                  : BIOS.obj (.text:ti_sysbios_knl_Clock_logTick__E)
                  0100562a    00000006     --HOLE-- [fill = 0]
                  01005630    00000002                  : BIOS.obj (.text:xdc_runtime_SysCallback_defaultAbort)
                  01005632    00000006     --HOLE-- [fill = 0]
                  01005638    00000002                  : BIOS.obj (.text:xdc_runtime_SysCallback_defaultExit)
                  0100563a    00000006     --HOLE-- [fill = 0]
                  01005640    00000002                  : BIOS.obj (.text:xdc_runtime_System_abortSpin__E)
                  01005642    00000006     --HOLE-- [fill = 0]
                  01005648    00000002                  : BIOS.obj (.text:xdc_runtime_System_exitSpin__E)

.const     0    0100564c    0000073c     
                  0100564c    00000100     driverlib.a : pin.obj (.const:g_ulPinToPadMap)
                  0100574c    000000a8                 : prcm.obj (.const:PRCM_PeriphRegsList)
                  010057f4    00000058     release_pem4.oem4 (.const:.string)
                  0100584c    00000044     release_pem4.oem4 (.const:ti_sysbios_knl_Task_Object__PARAMS__C)
                  01005890    00000040     CC3220SF_LAUNCHXL.obj (.const:PowerCC32XX_config)
                  010058d0    00000030     release_pem4.oem4 (.const:ti_sysbios_family_arm_m3_Hwi_Object__PARAMS__C)
                  01005900    00000028     release_pem4.oem4 (.const:ti_sysbios_heaps_HeapMem_Module__FXNS__C)
                  01005928    00000024     drivers_cc32xx.aem4 : PWMTimerCC32XX.oem4 (.const:PWMTimerCC32XX_fxnTable)
                  0100594c    00000024     CC3220SF_LAUNCHXL.obj (.const:PWM_config)
                  01005970    00000024     release_pem4.oem4 (.const:ti_sysbios_gates_GateHwi_Module__FXNS__C)
                  01005994    00000024     release_pem4.oem4 (.const:ti_sysbios_gates_GateMutex_Module__FXNS__C)
                  010059b8    00000024     release_pem4.oem4 (.const:ti_sysbios_heaps_HeapMem_Object__PARAMS__C)
                  010059dc    00000024     release_pem4.oem4 (.const:ti_sysbios_knl_Semaphore_Object__PARAMS__C)
                  01005a00    00000021     drivers_cc32xx.aem4 : GPIOCC32XX.oem4 (.const:.string:pinTable)
                  01005a21    00000001     release_pem4.oem4 (.const:ti_sysbios_knl_Clock_tickMode__C)
                  01005a22    00000002     release_pem4.oem4 (.const:ti_sysbios_family_arm_m3_Hwi_Module__id__C)
                  01005a24    00000020     drivers_cc32xx.aem4 : PWMTimerCC32XX.oem4 (.const:gpioPinIndexes)
                  01005a44    00000020     release_pem4.oem4 (.const:ti_sysbios_family_arm_m3_Hwi_Object__DESC__C)
                  01005a64    00000020     release_pem4.oem4 (.const:ti_sysbios_gates_GateHwi_Object__DESC__C)
                  01005a84    00000020     release_pem4.oem4 (.const:ti_sysbios_gates_GateMutex_Object__DESC__C)
                  01005aa4    00000020     release_pem4.oem4 (.const:ti_sysbios_heaps_HeapMem_Object__DESC__C)
                  01005ac4    00000020     release_pem4.oem4 (.const:ti_sysbios_knl_Queue_Object__DESC__C)
                  01005ae4    00000020     release_pem4.oem4 (.const:ti_sysbios_knl_Semaphore_Object__DESC__C)
                  01005b04    00000020     release_pem4.oem4 (.const:ti_sysbios_knl_Task_Object__DESC__C)
                  01005b24    00000020     release_pem4.oem4 (.const:xdc_runtime_Startup_sfxnTab__A)
                  01005b44    00000018     drivers_cc32xx.aem4 : PWM.oem4 (.const:PWM_defaultParams)
                  01005b5c    00000018     release_pem4.oem4 (.const:ti_sysbios_gates_GateHwi_Object__PARAMS__C)
                  01005b74    00000018     release_pem4.oem4 (.const:ti_sysbios_gates_GateMutex_Object__PARAMS__C)
                  01005b8c    00000018     release_pem4.oem4 (.const:ti_sysbios_knl_Queue_Object__PARAMS__C)
                  01005ba4    00000018     release_pem4.oem4 (.const:ti_sysbios_knl_Task_hooks__A)
                  01005bbc    00000014     CC3220SF_LAUNCHXL.obj (.const:GPIOCC32XX_config)
                  01005bd0    00000014     drivers_cc32xx.aem4 : GPIOCC32XX.oem4 (.const:gpioBaseAddresses)
                  01005be4    00000014                         : GPIOCC32XX.oem4 (.const:powerResources)
                  01005bf8    00000010                         : PWMTimerCC32XX.oem4 (.const:gpioBaseAddresses)
                  01005c08    00000010                         : PWMTimerCC32XX.oem4 (.const:timerBaseAddresses)
                  01005c18    00000010     release_pem4.oem4 (.const:xdc_runtime_Startup_sfxnRts__A)
                  01005c28    0000000d     CC3220SF_LAUNCHXL.obj (.const)
                  01005c35    00000001     release_pem4.oem4 (.const:ti_sysbios_knl_Clock_tickSource__C)
                  01005c36    00000002     release_pem4.oem4 (.const:ti_sysbios_family_arm_m3_Timer_Module__id__C)
                  01005c38    0000000c     empty.obj (.const:$P$T0$1)
                  01005c44    0000000c     CC3220SF_LAUNCHXL.obj (.const:pwmTimerCC3220SHWAttrs)
                  01005c50    0000000c     release_pem4.oem4 (.const:xdc_runtime_Startup_firstFxns__A)
                  01005c5c    00000008     drivers_cc32xx.aem4 : GPIOCC32XX.oem4 (.const:outPinTypes)
                  01005c64    00000008     release_pem4.oem4 (.const:ti_sysbios_knl_Idle_funcList__A)
                  01005c6c    00000008     release_pem4.oem4 (.const:ti_sysbios_knl_Idle_funcList__C)
                  01005c74    00000008     release_pem4.oem4 (.const:ti_sysbios_knl_Task_hooks__C)
                  01005c7c    00000008     drivers_cc32xx.aem4 : PWMTimerCC32XX.oem4 (.const:timerHalves)
                  01005c84    00000008     release_pem4.oem4 (.const:xdc_runtime_Startup_firstFxns__C)
                  01005c8c    00000008     release_pem4.oem4 (.const:xdc_runtime_Startup_lastFxns__C)
                  01005c94    00000006     drivers_cc32xx.aem4 : GPIOCC32XX.oem4 (.const:.string:interruptType)
                  01005c9a    00000006                         : GPIOCC32XX.oem4 (.const:inPinTypes)
                  01005ca0    00000006                         : GPIOCC32XX.oem4 (.const:outPinStrengths)
                  01005ca6    00000004                         : GPIOCC32XX.oem4 (.const:.string:portInterruptIds)
                  01005caa    00000002     release_pem4.oem4 (.const:ti_sysbios_heaps_HeapMem_Module__id__C)
                  01005cac    00000004     release_pem4.oem4 (.const:ti_sysbios_family_arm_m3_Hwi_E_alreadyDefined__C)
                  01005cb0    00000004     release_pem4.oem4 (.const:ti_sysbios_family_arm_m3_Hwi_NUM_INTERRUPTS__C)
                  01005cb4    00000004     release_pem4.oem4 (.const:ti_sysbios_family_arm_m3_Hwi_Object__count__C)
                  01005cb8    00000004     release_pem4.oem4 (.const:ti_sysbios_family_arm_m3_Hwi_ccr__C)
                  01005cbc    00000004     release_pem4.oem4 (.const:ti_sysbios_family_arm_m3_Hwi_excHandlerFunc__C)
                  01005cc0    00000004     release_pem4.oem4 (.const:ti_sysbios_family_arm_m3_Hwi_nullIsrFunc__C)
                  01005cc4    00000004     release_pem4.oem4 (.const:ti_sysbios_family_arm_m3_Hwi_priGroup__C)
                  01005cc8    00000004     release_pem4.oem4 (.const:ti_sysbios_family_arm_m3_Hwi_swiDisable__C)
                  01005ccc    00000004     release_pem4.oem4 (.const:ti_sysbios_family_arm_m3_Hwi_swiRestoreHwi__C)
                  01005cd0    00000004     release_pem4.oem4 (.const:ti_sysbios_family_arm_m3_TaskSupport_stackAlignment__C)
                  01005cd4    00000004     release_pem4.oem4 (.const:ti_sysbios_family_arm_m3_Timer_E_cannotSupport__C)
                  01005cd8    00000004     release_pem4.oem4 (.const:ti_sysbios_family_arm_m3_Timer_startupNeeded__C)
                  01005cdc    00000004     release_pem4.oem4 (.const:ti_sysbios_gates_GateMutex_Instance_State_sem__O)
                  01005ce0    00000004     release_pem4.oem4 (.const:ti_sysbios_heaps_HeapMem_E_memory__C)
                  01005ce4    00000004     release_pem4.oem4 (.const:ti_sysbios_heaps_HeapMem_Module__gateObj__C)
                  01005ce8    00000004     release_pem4.oem4 (.const:ti_sysbios_heaps_HeapMem_Object__count__C)
                  01005cec    00000004     release_pem4.oem4 (.const:ti_sysbios_heaps_HeapMem_primaryHeapBaseAddr__C)
                  01005cf0    00000004     release_pem4.oem4 (.const:ti_sysbios_heaps_HeapMem_primaryHeapEndAddr__C)
                  01005cf4    00000004     release_pem4.oem4 (.const:ti_sysbios_heaps_HeapMem_reqAlign__C)
                  01005cf8    00000004     release_pem4.oem4 (.const:ti_sysbios_knl_Clock_Module_State_clockQ__O)
                  01005cfc    00000004     release_pem4.oem4 (.const:ti_sysbios_knl_Clock_tickPeriod__C)
                  01005d00    00000004     release_pem4.oem4 (.const:ti_sysbios_knl_Mailbox_Instance_State_freeQue__O)
                  01005d04    00000004     release_pem4.oem4 (.const:ti_sysbios_knl_Mailbox_Object__count__C)
                  01005d08    00000004     release_pem4.oem4 (.const:ti_sysbios_knl_Mailbox_maxTypeAlign__C)
                  01005d0c    00000004     release_pem4.oem4 (.const:ti_sysbios_knl_Semaphore_Instance_State_pendQ__O)
                  01005d10    00000004     release_pem4.oem4 (.const:ti_sysbios_knl_Swi_Object__count__C)
                  01005d14    00000004     release_pem4.oem4 (.const:ti_sysbios_knl_Task_Module_State_inactiveQ__O)
                  01005d18    00000004     release_pem4.oem4 (.const:ti_sysbios_knl_Task_Object__count__C)
                  01005d1c    00000004     release_pem4.oem4 (.const:ti_sysbios_knl_Task_Object__heap__C)
                  01005d20    00000004     release_pem4.oem4 (.const:ti_sysbios_knl_Task_allBlockedFunc__C)
                  01005d24    00000004     release_pem4.oem4 (.const:ti_sysbios_knl_Task_defaultStackHeap__C)
                  01005d28    00000004     release_pem4.oem4 (.const:ti_sysbios_knl_Task_defaultStackSize__C)
                  01005d2c    00000004     release_pem4.oem4 (.const:ti_sysbios_knl_Task_numConstructedTasks__C)
                  01005d30    00000004     release_pem4.oem4 (.const:xdc_runtime_Error_E_memory__C)
                  01005d34    00000004     release_pem4.oem4 (.const:xdc_runtime_Error_policyFxn__C)
                  01005d38    00000004     release_pem4.oem4 (.const:xdc_runtime_IGateProvider_Interface__BASE__C)
                  01005d3c    00000004     release_pem4.oem4 (.const:xdc_runtime_IHeap_Interface__BASE__C)
                  01005d40    00000004     release_pem4.oem4 (.const:xdc_runtime_IModule_Interface__BASE__C)
                  01005d44    00000004     release_pem4.oem4 (.const:xdc_runtime_Memory_defaultHeapInstance__C)
                  01005d48    00000004     release_pem4.oem4 (.const:xdc_runtime_Startup_execImpl__C)
                  01005d4c    00000004     release_pem4.oem4 (.const:xdc_runtime_Startup_maxPasses__C)
                  01005d50    00000004     release_pem4.oem4 (.const:xdc_runtime_Startup_sfxnRts__C)
                  01005d54    00000004     release_pem4.oem4 (.const:xdc_runtime_Startup_sfxnTab__C)
                  01005d58    00000004     release_pem4.oem4 (.const:xdc_runtime_SysCallback_abortFxn__C)
                  01005d5c    00000004     release_pem4.oem4 (.const:xdc_runtime_SysCallback_exitFxn__C)
                  01005d60    00000004     release_pem4.oem4 (.const:xdc_runtime_System_Module__gateObj__C)
                  01005d64    00000004     release_pem4.oem4 (.const:xdc_runtime_System_abortFxn__C)
                  01005d68    00000004     release_pem4.oem4 (.const:xdc_runtime_System_exitFxn__C)
                  01005d6c    00000004     release_pem4.oem4 (.const:xdc_runtime_System_maxAtexitHandlers__C)
                  01005d70    00000004     release_pem4.oem4 (.const:xdc_runtime_Text_charTab__C)
                  01005d74    00000004     release_pem4.oem4 (.const:xdc_runtime_Text_nameEmpty__C)
                  01005d78    00000004     release_pem4.oem4 (.const:xdc_runtime_Text_nameStatic__C)
                  01005d7c    00000004     release_pem4.oem4 (.const:xdc_runtime_Text_nameUnknown__C)
                  01005d80    00000002     release_pem4.oem4 (.const:xdc_runtime_Memory_Module__id__C)
                  01005d82    00000002     release_pem4.oem4 (.const:xdc_runtime_Text_charCnt__C)
                  01005d84    00000002     release_pem4.oem4 (.const:xdc_runtime_Text_isLoaded__C)
                  01005d86    00000001     release_pem4.oem4 (.const:xdc_runtime_Error_policy__C)
                  01005d87    00000001     release_pem4.oem4 (.const:xdc_runtime_Text_charTab__A)

.cinit     0    01005d88    00000268     
                  01005d88    00000243     (.cinit..data.load) [load image, compression = lzss]
                  01005fcb    00000001     --HOLE-- [fill = 0]
                  01005fcc    0000000c     (__TI_handler_table)
                  01005fd8    00000008     (.cinit..bss.load) [load image, compression = zero_init]
                  01005fe0    00000010     (__TI_cinit_table)

.init_array 
*          0    01000800    00000000     UNINITIALIZED

.data      0    20008310    000006f8     UNINITIALIZED
                  20008310    0000016c     drivers_cc32xx.aem4 : PowerCC32XX.oem4 (.data:PowerCC32XX_module)
                  2000847c    000000f8     CC3220SF_LAUNCHXL.obj (.data:parkInfo)
                  20008574    00000088     sysbios.aem4 : BIOS.obj (.data:$O1$$)
                  200085fc    00000080     release_pem4.oem4 (.data:ti_sysbios_knl_Swi_Module_State_0_readyQ__A)
                  2000867c    00000080     release_pem4.oem4 (.data:ti_sysbios_knl_Task_Module_State_0_readyQ__A)
                  200086fc    0000005c     release_pem4.oem4 (.data:ti_sysbios_knl_Task_Object__table__V)
                  20008758    00000054     release_pem4.oem4 (.data:ti_sysbios_gates_GateMutex_Object__table__V)
                  200087ac    00000048     release_pem4.oem4 (.data:ti_sysbios_knl_Task_Module__state__V)
                  200087f4    00000034     release_pem4.oem4 (.data:ti_sysbios_family_arm_m3_Hwi_Module__state__V)
                  20008828    00000030     release_pem4.oem4 (.data:ti_sysbios_family_arm_m3_Timer_Object__table__V)
                  20008858    00000030     release_pem4.oem4 (.data:ti_sysbios_knl_Swi_Object__table__V)
                  20008888    0000002c     release_pem4.oem4 (.data:ti_sysbios_knl_Clock_Module__state__V)
                  200088b4    00000024     CC3220SF_LAUNCHXL.obj (.data:gpioPinConfigs)
                  200088d8    00000024     release_pem4.oem4 (.data:ti_sysbios_BIOS_Module__state__V)
                  200088fc    00000020     release_pem4.oem4 (.data:xdc_runtime_Error_IgnoreBlock)
                  2000891c    0000001c     release_pem4.oem4 (.data:ti_sysbios_knl_Swi_Module__state__V)
                  20008938    00000018     release_pem4.oem4 (.data:ti_sysbios_family_arm_m3_Hwi_Object__table__V)
                  20008950    00000018     release_pem4.oem4 (.data:ti_sysbios_heaps_HeapMem_Object__table__V)
                  20008968    00000010     CC3220SF_LAUNCHXL.obj (.data:gpioCallbackFunctions)
                  20008978    0000000c     release_pem4.oem4 (.data:ti_sysbios_family_arm_m3_Timer_Module__state__V)
                  20008984    00000009     drivers_cc32xx.aem4 : GPIOCC32XX.oem4 (.data)
                  2000898d    00000001                         : PWM.oem4 (.data)
                  2000898e    00000002     release_pem4.oem4 (.data:ti_sysbios_family_arm_m3_Hwi_Module_State_0_excActive__A)
                  20008990    00000008     rtsv7M4_T_le_eabi.lib : _lock.c.obj (.data:$O1$$)
                  20008998    00000008     release_pem4.oem4 (.data:ti_sysbios_family_arm_m3_Hwi_Module__root__V)
                  200089a0    00000008     release_pem4.oem4 (.data:ti_sysbios_gates_GateHwi_Module__root__V)
                  200089a8    00000008     release_pem4.oem4 (.data:ti_sysbios_gates_GateMutex_Module__root__V)
                  200089b0    00000008     release_pem4.oem4 (.data:ti_sysbios_heaps_HeapMem_Module__root__V)
                  200089b8    00000008     release_pem4.oem4 (.data:ti_sysbios_knl_Queue_Module__root__V)
                  200089c0    00000008     release_pem4.oem4 (.data:ti_sysbios_knl_Semaphore_Module__root__V)
                  200089c8    00000008     release_pem4.oem4 (.data:ti_sysbios_knl_Task_Module__root__V)
                  200089d0    00000008     release_pem4.oem4 (.data:xdc_runtime_Startup_Module__state__V)
                  200089d8    00000008     release_pem4.oem4 (.data:xdc_runtime_System_Module_State_0_atexitHandlers__A)
                  200089e0    00000008     release_pem4.oem4 (.data:xdc_runtime_System_Module__state__V)
                  200089e8    00000004     empty.obj (.data)
                  200089ec    00000004     rtsv7M4_T_le_eabi.lib : stkdepth_vars.c.obj (.data)
                  200089f0    00000004     release_pem4.oem4 (.data:ti_sysbios_family_arm_m3_Hwi_Module_State_0_excContext__A)
                  200089f4    00000004     release_pem4.oem4 (.data:ti_sysbios_family_arm_m3_Hwi_Module_State_0_excStack__A)
                  200089f8    00000004     release_pem4.oem4 (.data:ti_sysbios_gates_GateHwi_Object__table__V)
                  200089fc    00000004     release_pem4.oem4 (.data:ti_sysbios_knl_Task_Module_State_0_idleTask__A)
                  20008a00    00000004     release_pem4.oem4 (.data:ti_sysbios_rts_ti_ReentSupport_Module__state__V)
                  20008a04    00000004     release_pem4.oem4 (.data:xdc_runtime_Memory_Module__state__V)

.bss       0    20008a08    000006f0     UNINITIALIZED
                  20008a08    0000030c     (.common:ti_sysbios_family_arm_m3_Hwi_dispatchTable)
                  20008d14    00000004     drivers_cc32xx.aem4 : GPIOCC32XX.oem4 (.bss)
                  20008d18    00000200     release_pem4.oem4 (.bss:taskStackSection)
                  20008f18    0000012c     (.common:PowerCC32XX_contextSave)
                  20009044    0000006c     (.common:pwmTimerCC3220SObjects)
                  200090b0    00000020     drivers_cc32xx.aem4 : GPIOCC32XX.oem4 (.bss:gpioCallbackInfo)
                  200090d0    00000014                         : GPIOCC32XX.oem4 (.bss:powerNotifyObj)
                  200090e4    0000000c     (.common:pwm)
                  200090f0    00000004                         : TimerCC32XX.oem4 (.bss:timerState)
                  200090f4    00000004     (.common:ti_sysbios_knl_Task_Instance_State_0_hookEnv__A)

.priheap   0    20000310    00008000     UNINITIALIZED
                  20000310    00008000     --HOLE--

.stack     0    2003fc00    00000400     UNINITIALIZED
                  2003fc00    00000400     --HOLE--

.bootVecs 
*          0    00000000    00000008     DSECT
                  00000000    00000008     boot.aem4 : boot.oem4 (.bootVecs)

.resetVecs 
*          0    01000800    0000003c     
                  01000800    0000003c     release_pem4.oem4 (.resetVecs)

.vecs      0    20000000    0000030c     NOLOAD SECTION
                  20000000    0000030c     release_pem4.oem4 (.vecs)

xdc.meta   0    00000000    0000010f     COPY SECTION
                  00000000    0000010f     release_pem4.oem4 (xdc.meta)

xdc.noload 
*          0    00000000    00000000     COPY SECTION

.binit     0    01000000    00000000     

MODULE SUMMARY

       Module                       code    ro data   rw data
       ------                       ----    -------   -------
    ./
       CC3220SF_LAUNCHXL.obj        12      145       408    
       empty.obj                    488     12        16     
       main_tirtos.obj              100     0         0      
    +--+----------------------------+-------+---------+---------+
       Total:                       600     157       424    
                                                             
    /home/stark/ccsv8_ws/CC3220SF_Basics/tirtos_builds_CC3220SF_LAUNCHXL_release_ccs/Debug/configPkg/package/cfg/
       release_pem4.oem4            1348    1096      3034   
    +--+----------------------------+-------+---------+---------+
       Total:                       1348    1096      3034   
                                                             
    /home/stark/ccsv8_ws/CC3220SF_Basics/tirtos_builds_CC3220SF_LAUNCHXL_release_ccs/src/sysbios/sysbios.aem4
       BIOS.obj                     8278    0         136    
       m3_Hwi_asm.obj               266     0         0      
       m3_Hwi_asm_switch.obj        102     0         0      
       m3_TaskSupport_asm.obj       36      0         0      
    +--+----------------------------+-------+---------+---------+
       Total:                       8682    0         136    
                                                             
    /home/stark/ti/ccsv8/tools/compiler/ti-cgt-arm_18.1.5.LTS/lib/rtsv7M4_T_le_eabi.lib
       memcpy_t2.asm.obj            156     0         0      
       ull_div_t2.asm.obj           150     0         0      
       memset_t2.asm.obj            122     0         0      
       copy_decompress_lzss.c.obj   104     0         0      
       cpy_tbl.c.obj                76      0         0      
       _lock.c.obj                  26      0         8      
       args_main.c.obj              24      0         0      
       ll_mul_t2.asm.obj            24      0         0      
       copy_decompress_none.c.obj   14      0         0      
       copy_zero_init.c.obj         12      0         0      
       stkdepth_vars.c.obj          0       0         4      
       div0.asm.obj                 2       0         0      
    +--+----------------------------+-------+---------+---------+
       Total:                       710     0         12     
                                                             
    /home/stark/ti/simplelink_cc32xx_sdk_2_40_02_00/kernel/tirtos/packages/ti/dpl/lib/dpl_cc32xx.aem4
       PowerCC32XX_tirtos.oem4      442     0         0      
       HwiP_tirtos.oem4             84      0         0      
       SemaphoreP_tirtos.oem4       78      0         0      
       ClockP_tirtos.oem4           4       0         0      
    +--+----------------------------+-------+---------+---------+
       Total:                       608     0         0      
                                                             
    /home/stark/ti/simplelink_cc32xx_sdk_2_40_02_00/kernel/tirtos/packages/ti/targets/arm/rtsarm/lib/auto_init.aem4
       auto_init.oem4               160     0         0      
    +--+----------------------------+-------+---------+---------+
       Total:                       160     0         0      
                                                             
    /home/stark/ti/simplelink_cc32xx_sdk_2_40_02_00/kernel/tirtos/packages/ti/targets/arm/rtsarm/lib/boot.aem4
       boot.oem4                    68      0         0      
    +--+----------------------------+-------+---------+---------+
       Total:                       68      0         0      
                                                             
    /home/stark/ti/simplelink_cc32xx_sdk_2_40_02_00/source/ti/devices/cc32xx/driverlib/ccs/Release/driverlib.a
       prcm.obj                     1604    168       0      
       pin.obj                      280     256       0      
       flash.obj                    72      0         0      
       utils.obj                    6       0         0      
    +--+----------------------------+-------+---------+---------+
       Total:                       1962    424       0      
                                                             
    /home/stark/ti/simplelink_cc32xx_sdk_2_40_02_00/source/ti/drivers/lib/drivers_cc32xx.aem4
       PowerCC32XX.oem4             2188    0         664    
       PWMTimerCC32XX.oem4          1732    108       0      
       GPIOCC32XX.oem4              1104    103       65     
       PWM.oem4                     168     24        1      
       TimerCC32XX.oem4             184     0         4      
       PowerCC32XX_asm.oem4         150     0         0      
       List.oem4                    76      0         0      
    +--+----------------------------+-------+---------+---------+
       Total:                       5602    235       734    
                                                             
       Stack:                       0       0         1024   
       Linker Generated:            0       615       0      
    +--+----------------------------+-------+---------+---------+
       Grand Total:                 19740   2527      5364   


LINKER GENERATED COPY TABLES

__TI_cinit_table @ 01005fe0 records: 2, size/record: 8, table size: 16
	.data: load addr=01005d88, load size=00000243 bytes, run addr=20008310, run size=000006f8 bytes, compression=lzss
	.bss: load addr=01005fd8, load size=00000008 bytes, run addr=20008a08, run size=000006f0 bytes, compression=zero_init


LINKER GENERATED HANDLER TABLE

__TI_handler_table @ 01005fcc records: 3, size/record: 4, table size: 12
	index: 0, handler: __TI_decompress_lzss
	index: 1, handler: __TI_decompress_none
	index: 2, handler: __TI_zero_init


GLOBAL SYMBOLS: SORTED ALPHABETICALLY BY Name 

address   name                                                            
-------   ----                                                            
01005c28  ADC_count                                                       
01005457  CC3220SF_LAUNCHXL_initGeneral                                   
01005c29  Capture_count                                                   
01001125  ClockP_getCpuFreq                                               
010054e9  ClockP_getSystemTicks                                           
01005c2a  CryptoCC32XX_count                                              
01005c2b  Display_count                                                   
01003f9d  FlashDisable                                                    
01005bbc  GPIOCC32XX_config                                               
01003c49  GPIO_enableInt                                                  
01003239  GPIO_hwiIntFxn                                                  
01001ed9  GPIO_init                                                       
01003955  GPIO_setCallback                                                
01000c6d  GPIO_setConfig                                                  
00008000  HEAPSIZE                                                        
01005345  HwiP_Params_init                                                
0100440d  HwiP_create                                                     
010014fd  HwiP_disable                                                    
010055c9  HwiP_restore                                                    
01005c2c  I2C_count                                                       
01005c2d  I2S_count                                                       
01004cb1  List_put                                                        
01004cd7  List_remove                                                     
01000841  PRCMCC3200MCUInit                                               
010051e1  PRCMHIBRegRead                                                  
010051f7  PRCMHIBRegWrite                                                 
01003fe5  PRCMLPDSEnter                                                   
010046f9  PRCMLPDSEnterKeepDebugIf                                        
01004229  PRCMLPDSRestoreInfoSet                                          
01004c0d  PRCMPeripheralClkDisable                                        
0100402d  PRCMPeripheralClkEnable                                         
010039ad  PRCMPeripheralReset                                             
010035f5  PRCMSysResetCauseGet                                            
01002af5  PWMTimerCC32XX_close                                            
010052f3  PWMTimerCC32XX_control                                          
01005928  PWMTimerCC32XX_fxnTable                                         
010028af  PWMTimerCC32XX_init                                             
01001b65  PWMTimerCC32XX_open                                             
0100211d  PWMTimerCC32XX_setDuty                                          
010013bd  PWMTimerCC32XX_setDutyAndPeriod                                 
01002651  PWMTimerCC32XX_setPeriod                                        
0100338d  PWMTimerCC32XX_start                                            
01001f9d  PWMTimerCC32XX_stop                                             
01005225  PWM_Params_init                                                 
0100594c  PWM_config                                                      
01005c2e  PWM_count                                                       
01005b44  PWM_defaultParams                                               
0100426d  PWM_init                                                        
010044d1  PWM_open                                                        
01005575  PWM_setDuty                                                     
0100557f  PWM_start                                                       
01002b7d  PinConfigSet                                                    
010047a1  PinModeGet                                                      
0100444d  PinModeSet                                                      
01004fb9  PinToPadGet                                                     
01005890  PowerCC32XX_config                                              
01002281  PowerCC32XX_configureWakeup                                     
20008f18  PowerCC32XX_contextSave                                         
010042b1  PowerCC32XX_enterLPDS                                           
01004c35  PowerCC32XX_initPolicy                                          
20008310  PowerCC32XX_module                                              
01003c95  PowerCC32XX_parkPin                                             
01004943  PowerCC32XX_restoreParkedPin                                    
01003b05  PowerCC32XX_resumeLPDS                                          
010034c9  PowerCC32XX_setParkState                                        
01000fcd  PowerCC32XX_sleepPolicy                                         
01005465  Power_getConstraintMask                                         
01005239  Power_getDependencyCount                                        
010050a9  Power_idleFunc                                                  
01002e29  Power_init                                                      
01004c5d  Power_registerNotify                                            
01004075  Power_releaseConstraint                                         
01003a05  Power_releaseDependency                                         
0100450d  Power_setConstraint                                             
0100303d  Power_setDependency                                             
0100173d  Power_sleep                                                     
01004e75  Power_unregisterNotify                                          
01005c2f  SDFatFS_count                                                   
01005c30  SD_count                                                        
UNDEFED   SHT$$INIT_ARRAY$$Base                                           
UNDEFED   SHT$$INIT_ARRAY$$Limit                                          
01005c31  SPI_count                                                       
01004b59  SemaphoreP_createBinary                                         
01005471  SemaphoreP_delete                                               
010052e1  SemaphoreP_pend                                                 
01001855  SemaphoreP_post                                                 
01003b59  TimerCC32XX_allocateTimerResource                               
010047d5  TimerCC32XX_freeTimerResource                                   
01005c32  Timer_count                                                     
01005c33  UART_count                                                      
010055b9  UtilsDelay                                                      
01005c34  Watchdog_count                                                  
00000000  __ASM__                                                         
00000088  __ISA__                                                         
0000009b  __PLAT__                                                        
20040000  __STACK_END                                                     
00000400  __STACK_SIZE                                                    
000000c2  __TARG__                                                        
01005fe0  __TI_CINIT_Base                                                 
01005ff0  __TI_CINIT_Limit                                                
01005fcc  __TI_Handler_Table_Base                                         
01005fd8  __TI_Handler_Table_Limit                                        
01002475  __TI_auto_init                                                  
010033f5  __TI_decompress_lzss                                            
01005419  __TI_decompress_none                                            
ffffffff  __TI_pprof_out_hndl                                             
ffffffff  __TI_prof_data_size                                             
ffffffff  __TI_prof_data_start                                            
01005d88  __TI_static_base__                                              
01005495  __TI_zero_init                                                  
000000e7  __TRDR__                                                        
01003237  __aeabi_idiv0                                                   
01003237  __aeabi_ldiv0                                                   
010050d9  __aeabi_lmul                                                    
010031bd  __aeabi_memclr                                                  
010031bd  __aeabi_memclr4                                                 
010031bd  __aeabi_memclr8                                                 
010025b5  __aeabi_memcpy                                                  
010025b5  __aeabi_memcpy4                                                 
010025b5  __aeabi_memcpy8                                                 
010031bf  __aeabi_memset                                                  
010031bf  __aeabi_memset4                                                 
010031bf  __aeabi_memset8                                                 
01002819  __aeabi_uldivmod                                                
ffffffff  __binit__                                                       
ffffffff  __c_args__                                                      
20008310  __primary_heap_end__                                            
20000310  __primary_heap_start__                                          
2003fc00  __stack                                                         
010050c1  _args_main                                                      
010042f5  _c_int00                                                        
20008990  _lock                                                           
01002e27  _nop                                                            
01004b89  _pthread_cleanupFxn                                             
01002519  _pthread_removeThreadKeys                                       
0100547d  _register_lock                                                  
01005489  _register_unlock                                                
20008994  _unlock                                                         
ffffffff  binit                                                           
01003655  changeIndex                                                     
01003ce1  copy_in                                                         
200089e8  current_index                                                   
20008968  gpioCallbackFunctions                                           
200088b4  gpioPinConfigs                                                  
01005c9a  inPinTypes                                                      
0100352d  main                                                            
01000e45  mainThread                                                      
200089ec  main_func_sp                                                    
010025b5  memcpy                                                          
010031c5  memset                                                          
01005ca0  outPinStrengths                                                 
01005c5c  outPinTypes                                                     
2000847c  parkInfo                                                        
01004d01  pthread_attr_init                                               
01005429  pthread_attr_setdetachstate                                     
01005251  pthread_attr_setschedparam                                      
010055a1  pthread_attr_setstacksize                                       
01001a71  pthread_create                                                  
01003461  pthread_exit                                                    
200090e4  pwm                                                             
01005c44  pwmTimerCC3220SHWAttrs                                          
20009044  pwmTimerCC3220SObjects                                          
200088d8  ti_sysbios_BIOS_Module__state__V                                
01005151  ti_sysbios_BIOS_RtsGateProxy_Handle__label__S                   
01001a6d  ti_sysbios_BIOS_RtsGateProxy_enter__E                           
01001c55  ti_sysbios_BIOS_RtsGateProxy_leave__E                           
01005609  ti_sysbios_BIOS_RtsGateProxy_query__E                           
01004975  ti_sysbios_BIOS_atExitFunc__I                                   
0100520d  ti_sysbios_BIOS_exitFunc__I                                     
01005359  ti_sysbios_BIOS_getCpuFreq__E                                   
010054a1  ti_sysbios_BIOS_getThreadType__E                                
01005619  ti_sysbios_BIOS_linkedWithIncorrectBootLibrary__E               
010038f5  ti_sysbios_BIOS_nullFunc__I                                     
01004d25  ti_sysbios_BIOS_registerRTSLock__I                              
01004d49  ti_sysbios_BIOS_removeRTSLock__I                                
01004e95  ti_sysbios_BIOS_rtsLock__I                                      
010050f1  ti_sysbios_BIOS_rtsUnlock__I                                    
01005369  ti_sysbios_BIOS_setThreadType__E                                
010049a5  ti_sysbios_BIOS_startFunc__I                                    
01005379  ti_sysbios_BIOS_start__E                                        
01005cac  ti_sysbios_family_arm_m3_Hwi_E_alreadyDefined__C                
01004549  ti_sysbios_family_arm_m3_Hwi_Instance_finalize__E               
01002781  ti_sysbios_family_arm_m3_Hwi_Instance_init__E                   
2000898e  ti_sysbios_family_arm_m3_Hwi_Module_State_0_excActive__A        
200089f0  ti_sysbios_family_arm_m3_Hwi_Module_State_0_excContext__A       
200089f4  ti_sysbios_family_arm_m3_Hwi_Module_State_0_excStack__A         
01005a22  ti_sysbios_family_arm_m3_Hwi_Module__id__C                      
20008998  ti_sysbios_family_arm_m3_Hwi_Module__root__V                    
01005109  ti_sysbios_family_arm_m3_Hwi_Module__startupDone__F             
01005109  ti_sysbios_family_arm_m3_Hwi_Module__startupDone__S             
200087f4  ti_sysbios_family_arm_m3_Hwi_Module__state__V                   
01003ba9  ti_sysbios_family_arm_m3_Hwi_Module_startup__E                  
01005cb0  ti_sysbios_family_arm_m3_Hwi_NUM_INTERRUPTS__C                  
01005a44  ti_sysbios_family_arm_m3_Hwi_Object__DESC__C                    
010058d0  ti_sysbios_family_arm_m3_Hwi_Object__PARAMS__C                  
01005cb4  ti_sysbios_family_arm_m3_Hwi_Object__count__C                   
01005265  ti_sysbios_family_arm_m3_Hwi_Object__get__S                     
20008938  ti_sysbios_family_arm_m3_Hwi_Object__table__V                   
010054ad  ti_sysbios_family_arm_m3_Hwi_Params__init__S                    
01005cb8  ti_sysbios_family_arm_m3_Hwi_ccr__C                             
01003a5d  ti_sysbios_family_arm_m3_Hwi_create                             
010054b9  ti_sysbios_family_arm_m3_Hwi_disableFxn__E                      
010040c1  ti_sysbios_family_arm_m3_Hwi_disableInterrupt__E                
01003591  ti_sysbios_family_arm_m3_Hwi_dispatchC__I                       
20008a08  ti_sysbios_family_arm_m3_Hwi_dispatchTable                      
01001d39  ti_sysbios_family_arm_m3_Hwi_dispatch__I                        
010055a9  ti_sysbios_family_arm_m3_Hwi_doSwiRestore__I                    
010055c1  ti_sysbios_family_arm_m3_Hwi_doTaskRestore__I                   
01004109  ti_sysbios_family_arm_m3_Hwi_enableInterrupt__E                 
01004eb5  ti_sysbios_family_arm_m3_Hwi_excHandlerAsm__I                   
01005cbc  ti_sysbios_family_arm_m3_Hwi_excHandlerFunc__C                  
01004ed9  ti_sysbios_family_arm_m3_Hwi_excHandler__I                      
01004339  ti_sysbios_family_arm_m3_Hwi_getStackInfo__E                    
01002c09  ti_sysbios_family_arm_m3_Hwi_initNVIC__E                        
01004151  ti_sysbios_family_arm_m3_Hwi_initStacks__E                      
01001ded  ti_sysbios_family_arm_m3_Hwi_interruptsAreDisabledButShouldNotBe
01005cc0  ti_sysbios_family_arm_m3_Hwi_nullIsrFunc__C                     
e000e000  ti_sysbios_family_arm_m3_Hwi_nvic                               
0100508d  ti_sysbios_family_arm_m3_Hwi_pendSV__I                          
01002f31  ti_sysbios_family_arm_m3_Hwi_postInit__I                        
01005cc4  ti_sysbios_family_arm_m3_Hwi_priGroup__C                        
20000000  ti_sysbios_family_arm_m3_Hwi_ramVectors                         
01000800  ti_sysbios_family_arm_m3_Hwi_resetVectors                       
010055c9  ti_sysbios_family_arm_m3_Hwi_restoreFxn__E                      
010050a5  ti_sysbios_family_arm_m3_Hwi_return                             
010055b1  ti_sysbios_family_arm_m3_Hwi_startup__E                         
01005cc8  ti_sysbios_family_arm_m3_Hwi_swiDisable__C                      
01005ccc  ti_sysbios_family_arm_m3_Hwi_swiRestoreHwi__C                   
01005279  ti_sysbios_family_arm_m3_Hwi_switchFromBootStack__E             
010023cd  ti_sysbios_family_arm_m3_TaskSupport_Module__startupDone__S     
010054c9  ti_sysbios_family_arm_m3_TaskSupport_getStackAlignment__E       
01005389  ti_sysbios_family_arm_m3_TaskSupport_glue                       
01005cd0  ti_sysbios_family_arm_m3_TaskSupport_stackAlignment__C          
01002c91  ti_sysbios_family_arm_m3_TaskSupport_start__E                   
0100528d  ti_sysbios_family_arm_m3_TaskSupport_swap__E                    
01005cd4  ti_sysbios_family_arm_m3_Timer_E_cannotSupport__C               
01005c36  ti_sysbios_family_arm_m3_Timer_Module__id__C                    
[...]
01005279  ti_sysbios_hal_Hwi_HwiProxy_switchFromBootStack__E              
01005279  ti_sysbios_hal_Hwi_switchFromBootStack__E                       
0100528d  ti_sysbios_family_arm_m3_TaskSupport_swap__E                    
0100528d  ti_sysbios_knl_Task_SupportProxy_swap__E                        
01005299  ti_sysbios_knl_Task_swapReturn                                  
010052a1  ti_sysbios_heaps_HeapMem_Object__get__S                         
010052b9  ti_sysbios_knl_Clock_tickReconfig__E                            
010052cd  ti_sysbios_knl_Swi_Object__get__S                               
010052e1  SemaphoreP_pend                                                 
010052f3  PWMTimerCC32XX_control                                          
01005321  ti_sysbios_hal_Hwi_Module_startup__E                            
01005333  xdc_runtime_Startup_exec__I                                     
01005345  HwiP_Params_init                                                
01005359  ti_sysbios_BIOS_getCpuFreq__E                                   
01005369  ti_sysbios_BIOS_setThreadType__E                                
01005379  ti_sysbios_BIOS_start__E                                        
01005389  ti_sysbios_family_arm_m3_TaskSupport_glue                       
01005399  ti_sysbios_gates_GateMutex_Instance_finalize__E                 
010053a9  ti_sysbios_knl_Mailbox_Object__get__S                           
010053b9  ti_sysbios_knl_Semaphore_Instance_finalize__E                   
010053c9  ti_sysbios_knl_Swi_disable__E                                   
010053d9  ti_sysbios_knl_Task_Object__get__S                              
010053e9  ti_sysbios_knl_Task_disable__E                                  
010053f9  xdc_runtime_SysCallback_abort__E                                
010053f9  xdc_runtime_System_SupportProxy_abort__E                        
01005409  xdc_runtime_SysCallback_exit__E                                 
01005409  xdc_runtime_System_SupportProxy_exit__E                         
01005419  __TI_decompress_none                                            
01005429  pthread_attr_setdetachstate                                     
01005439  ti_sysbios_knl_Idle_loop__E                                     
01005449  ti_sysbios_knl_Queue_empty__E                                   
01005457  CC3220SF_LAUNCHXL_initGeneral                                   
01005465  Power_getConstraintMask                                         
01005471  SemaphoreP_delete                                               
0100547d  _register_lock                                                  
01005489  _register_unlock                                                
01005495  __TI_zero_init                                                  
010054a1  ti_sysbios_BIOS_getThreadType__E                                
010054ad  ti_sysbios_family_arm_m3_Hwi_Params__init__S                    
010054ad  ti_sysbios_hal_Hwi_HwiProxy_Params__init__S                     
010054b9  ti_sysbios_family_arm_m3_Hwi_disableFxn__E                      
010054b9  ti_sysbios_hal_Hwi_HwiProxy_disable__E                          
010054c9  ti_sysbios_family_arm_m3_TaskSupport_getStackAlignment__E       
010054c9  ti_sysbios_knl_Task_SupportProxy_getStackAlignment__E           
010054d9  ti_sysbios_gates_GateHwi_enter__E                               
010054e9  ClockP_getSystemTicks                                           
010054e9  ti_sysbios_knl_Clock_getTicks__E                                
010054f9  ti_sysbios_knl_Clock_setTicks__E                                
01005509  ti_sysbios_knl_Clock_tickStart__E                               
01005519  ti_sysbios_knl_Clock_tickStop__E                                
01005525  ti_sysbios_knl_Queue_Object__get__S                             
01005531  ti_sysbios_knl_Semaphore_Params__init__S                        
0100553d  ti_sysbios_knl_Task_Params__init__S                             
01005549  ti_sysbios_knl_Task_self__E                                     
01005559  ti_sysbios_rts_ti_ReentSupport_taskRegHook__I                   
01005569  xdc_runtime_Startup_rtsDone__E                                  
01005575  PWM_setDuty                                                     
0100557f  PWM_start                                                       
01005589  xdc_runtime_Memory_HeapProxy_alloc__E                           
01005593  xdc_runtime_Memory_HeapProxy_free__E                            
010055a1  pthread_attr_setstacksize                                       
010055a9  ti_sysbios_family_arm_m3_Hwi_doSwiRestore__I                    
010055b1  ti_sysbios_family_arm_m3_Hwi_startup__E                         
010055b1  ti_sysbios_hal_Hwi_HwiProxy_startup__E                          
010055b1  ti_sysbios_hal_Hwi_startup__E                                   
010055b9  UtilsDelay                                                      
010055c1  ti_sysbios_family_arm_m3_Hwi_doTaskRestore__I                   
010055c9  HwiP_restore                                                    
010055c9  ti_sysbios_family_arm_m3_Hwi_restoreFxn__E                      
010055c9  ti_sysbios_hal_Hwi_HwiProxy_restore__E                          
010055d1  ti_sysbios_gates_GateHwi_leave__E                               
010055d9  ti_sysbios_heaps_HeapMem_isBlocking__E                          
010055e1  ti_sysbios_knl_Queue_Instance_init__E                           
010055e9  ti_sysbios_knl_Swi_startup__E                                   
010055f1  xdc_runtime_System_Module_startup__E                            
010055f9  ti_sysbios_family_arm_m3_Timer_getMaxTicks__E                   
01005601  ti_sysbios_gates_GateHwi_query__E                               
01005601  xdc_runtime_Main_Module_GateProxy_query__E                      
01005601  xdc_runtime_System_Module_GateProxy_query__E                    
01005609  ti_sysbios_BIOS_RtsGateProxy_query__E                           
01005609  ti_sysbios_gates_GateMutex_query__E                             
01005609  ti_sysbios_heaps_HeapMem_Module_GateProxy_query__E              
01005611  ti_sysbios_knl_Task_startup__E                                  
01005619  ti_sysbios_BIOS_linkedWithIncorrectBootLibrary__E               
01005621  ti_sysbios_gates_GateHwi_Instance_init__E                       
01005629  ti_sysbios_knl_Clock_logTick__E                                 
01005631  xdc_runtime_SysCallback_defaultAbort                            
01005639  xdc_runtime_SysCallback_defaultExit                             
01005641  xdc_runtime_System_abortSpin__E                                 
01005649  xdc_runtime_System_exitSpin__E                                  
0100584c  ti_sysbios_knl_Task_Object__PARAMS__C                           
01005890  PowerCC32XX_config                                              
010058d0  ti_sysbios_family_arm_m3_Hwi_Object__PARAMS__C                  
01005900  ti_sysbios_heaps_HeapMem_Module__FXNS__C                        
01005928  PWMTimerCC32XX_fxnTable                                         
0100594c  PWM_config                                                      
01005970  ti_sysbios_gates_GateHwi_Module__FXNS__C                        
01005994  ti_sysbios_gates_GateMutex_Module__FXNS__C                      
010059b8  ti_sysbios_heaps_HeapMem_Object__PARAMS__C                      
010059dc  ti_sysbios_knl_Semaphore_Object__PARAMS__C                      
01005a21  ti_sysbios_knl_Clock_tickMode__C                                
01005a22  ti_sysbios_family_arm_m3_Hwi_Module__id__C                      
01005a44  ti_sysbios_family_arm_m3_Hwi_Object__DESC__C                    
01005a64  ti_sysbios_gates_GateHwi_Object__DESC__C                        
01005a84  ti_sysbios_gates_GateMutex_Object__DESC__C                      
01005aa4  ti_sysbios_heaps_HeapMem_Object__DESC__C                        
01005ac4  ti_sysbios_knl_Queue_Object__DESC__C                            
01005ae4  ti_sysbios_knl_Semaphore_Object__DESC__C                        
01005b04  ti_sysbios_knl_Task_Object__DESC__C                             
01005b24  xdc_runtime_Startup_sfxnTab__A                                  
01005b44  PWM_defaultParams                                               
01005b5c  ti_sysbios_gates_GateHwi_Object__PARAMS__C                      
01005b74  ti_sysbios_gates_GateMutex_Object__PARAMS__C                    
01005b8c  ti_sysbios_knl_Queue_Object__PARAMS__C                          
01005ba4  ti_sysbios_knl_Task_hooks__A                                    
01005bbc  GPIOCC32XX_config                                               
01005c18  xdc_runtime_Startup_sfxnRts__A                                  
01005c28  ADC_count                                                       
01005c29  Capture_count                                                   
01005c2a  CryptoCC32XX_count                                              
01005c2b  Display_count                                                   
01005c2c  I2C_count                                                       
01005c2d  I2S_count                                                       
01005c2e  PWM_count                                                       
01005c2f  SDFatFS_count                                                   
01005c30  SD_count                                                        
01005c31  SPI_count                                                       
01005c32  Timer_count                                                     
01005c33  UART_count                                                      
01005c34  Watchdog_count                                                  
01005c35  ti_sysbios_knl_Clock_tickSource__C                              
01005c36  ti_sysbios_family_arm_m3_Timer_Module__id__C                    
01005c44  pwmTimerCC3220SHWAttrs                                          
01005c50  xdc_runtime_Startup_firstFxns__A                                
01005c5c  outPinTypes                                                     
01005c64  ti_sysbios_knl_Idle_funcList__A                                 
01005c6c  ti_sysbios_knl_Idle_funcList__C                                 
01005c74  ti_sysbios_knl_Task_hooks__C                                    
01005c84  xdc_runtime_Startup_firstFxns__C                                
01005c8c  xdc_runtime_Startup_lastFxns__C                                 
01005c9a  inPinTypes                                                      
01005ca0  outPinStrengths                                                 
01005caa  ti_sysbios_heaps_HeapMem_Module__id__C                          
01005cac  ti_sysbios_family_arm_m3_Hwi_E_alreadyDefined__C                
01005cb0  ti_sysbios_family_arm_m3_Hwi_NUM_INTERRUPTS__C                  
01005cb4  ti_sysbios_family_arm_m3_Hwi_Object__count__C                   
01005cb8  ti_sysbios_family_arm_m3_Hwi_ccr__C                             
01005cbc  ti_sysbios_family_arm_m3_Hwi_excHandlerFunc__C                  
01005cc0  ti_sysbios_family_arm_m3_Hwi_nullIsrFunc__C                     
01005cc4  ti_sysbios_family_arm_m3_Hwi_priGroup__C                        
01005cc8  ti_sysbios_family_arm_m3_Hwi_swiDisable__C                      
01005ccc  ti_sysbios_family_arm_m3_Hwi_swiRestoreHwi__C                   
01005cd0  ti_sysbios_family_arm_m3_TaskSupport_stackAlignment__C          
01005cd4  ti_sysbios_family_arm_m3_Timer_E_cannotSupport__C               
01005cd8  ti_sysbios_family_arm_m3_Timer_startupNeeded__C                 
01005cdc  ti_sysbios_gates_GateMutex_Instance_State_sem__O                
01005ce0  ti_sysbios_heaps_HeapMem_E_memory__C                            
01005ce4  ti_sysbios_heaps_HeapMem_Module__gateObj__C                     
01005ce8  ti_sysbios_heaps_HeapMem_Object__count__C                       
01005cec  ti_sysbios_heaps_HeapMem_primaryHeapBaseAddr__C                 
01005cf0  ti_sysbios_heaps_HeapMem_primaryHeapEndAddr__C                  
01005cf4  ti_sysbios_heaps_HeapMem_reqAlign__C                            
01005cf8  ti_sysbios_knl_Clock_Module_State_clockQ__O                     
01005cfc  ti_sysbios_knl_Clock_tickPeriod__C                              
01005d00  ti_sysbios_knl_Mailbox_Instance_State_freeQue__O                
01005d04  ti_sysbios_knl_Mailbox_Object__count__C                         
01005d08  ti_sysbios_knl_Mailbox_maxTypeAlign__C                          
01005d0c  ti_sysbios_knl_Semaphore_Instance_State_pendQ__O                
01005d10  ti_sysbios_knl_Swi_Object__count__C                             
01005d14  ti_sysbios_knl_Task_Module_State_inactiveQ__O                   
01005d18  ti_sysbios_knl_Task_Object__count__C                            
01005d1c  ti_sysbios_knl_Task_Object__heap__C                             
01005d20  ti_sysbios_knl_Task_allBlockedFunc__C                           
01005d24  ti_sysbios_knl_Task_defaultStackHeap__C                         
01005d28  ti_sysbios_knl_Task_defaultStackSize__C                         
01005d2c  ti_sysbios_knl_Task_numConstructedTasks__C                      
01005d30  xdc_runtime_Error_E_memory__C                                   
01005d34  xdc_runtime_Error_policyFxn__C                                  
01005d38  xdc_runtime_IGateProvider_Interface__BASE__C                    
01005d3c  xdc_runtime_IHeap_Interface__BASE__C                            
01005d40  xdc_runtime_IModule_Interface__BASE__C                          
01005d44  xdc_runtime_Memory_defaultHeapInstance__C                       
01005d48  xdc_runtime_Startup_execImpl__C                                 
01005d4c  xdc_runtime_Startup_maxPasses__C                                
01005d50  xdc_runtime_Startup_sfxnRts__C                                  
01005d54  xdc_runtime_Startup_sfxnTab__C                                  
01005d58  xdc_runtime_SysCallback_abortFxn__C                             
01005d5c  xdc_runtime_SysCallback_exitFxn__C                              
01005d60  xdc_runtime_System_Module__gateObj__C                           
01005d64  xdc_runtime_System_abortFxn__C                                  
01005d68  xdc_runtime_System_exitFxn__C                                   
01005d6c  xdc_runtime_System_maxAtexitHandlers__C                         
01005d70  xdc_runtime_Text_charTab__C                                     
01005d74  xdc_runtime_Text_nameEmpty__C                                   
01005d78  xdc_runtime_Text_nameStatic__C                                  
01005d7c  xdc_runtime_Text_nameUnknown__C                                 
01005d80  xdc_runtime_Memory_Module__id__C                                
01005d82  xdc_runtime_Text_charCnt__C                                     
01005d84  xdc_runtime_Text_isLoaded__C                                    
01005d86  xdc_runtime_Error_policy__C                                     
01005d87  xdc_runtime_Text_charTab__A                                     
01005d88  __TI_static_base__                                              
01005fcc  __TI_Handler_Table_Base                                         
01005fd8  __TI_Handler_Table_Limit                                        
01005fe0  __TI_CINIT_Base                                                 
01005ff0  __TI_CINIT_Limit                                                
20000000  ti_sysbios_family_arm_m3_Hwi_ramVectors                         
20000310  __primary_heap_start__                                          
20008310  PowerCC32XX_module                                              
20008310  __primary_heap_end__                                            
2000847c  parkInfo                                                        
200085fc  ti_sysbios_knl_Swi_Module_State_0_readyQ__A                     
2000867c  ti_sysbios_knl_Task_Module_State_0_readyQ__A                    
200086fc  ti_sysbios_knl_Task_Object__table__V                            
20008758  ti_sysbios_gates_GateMutex_Object__table__V                     
200087ac  ti_sysbios_knl_Task_Module__state__V                            
200087f4  ti_sysbios_family_arm_m3_Hwi_Module__state__V                   
20008828  ti_sysbios_family_arm_m3_Timer_Object__table__V                 
20008858  ti_sysbios_knl_Swi_Object__table__V                             
20008888  ti_sysbios_knl_Clock_Module__state__V                           
200088b4  gpioPinConfigs                                                  
200088d8  ti_sysbios_BIOS_Module__state__V                                
200088fc  xdc_runtime_Error_IgnoreBlock                                   
2000891c  ti_sysbios_knl_Swi_Module__state__V                             
20008938  ti_sysbios_family_arm_m3_Hwi_Object__table__V                   
20008950  ti_sysbios_heaps_HeapMem_Object__table__V                       
20008968  gpioCallbackFunctions                                           
20008978  ti_sysbios_family_arm_m3_Timer_Module__state__V                 
2000898e  ti_sysbios_family_arm_m3_Hwi_Module_State_0_excActive__A        
20008990  _lock                                                           
20008994  _unlock                                                         
20008998  ti_sysbios_family_arm_m3_Hwi_Module__root__V                    
200089a0  ti_sysbios_gates_GateHwi_Module__root__V                        
200089a8  ti_sysbios_gates_GateMutex_Module__root__V                      
200089b0  ti_sysbios_heaps_HeapMem_Module__root__V                        
200089b8  ti_sysbios_knl_Queue_Module__root__V                            
200089c0  ti_sysbios_knl_Semaphore_Module__root__V                        
200089c8  ti_sysbios_knl_Task_Module__root__V                             
200089d0  xdc_runtime_Startup_Module__state__V                            
200089d8  xdc_runtime_System_Module_State_0_atexitHandlers__A             
200089e0  xdc_runtime_System_Module__state__V                             
200089e8  current_index                                                   
200089ec  main_func_sp                                                    
200089f0  ti_sysbios_family_arm_m3_Hwi_Module_State_0_excContext__A       
200089f4  ti_sysbios_family_arm_m3_Hwi_Module_State_0_excStack__A         
200089f8  ti_sysbios_gates_GateHwi_Object__table__V                       
200089fc  ti_sysbios_knl_Task_Module_State_0_idleTask__A                  
20008a00  ti_sysbios_rts_ti_ReentSupport_Module__state__V                 
20008a04  xdc_runtime_Memory_Module__state__V                             
20008a08  ti_sysbios_family_arm_m3_Hwi_dispatchTable                      
20008d18  ti_sysbios_knl_Task_Instance_State_0_stack__A                   
20008f18  PowerCC32XX_contextSave                                         
20009044  pwmTimerCC3220SObjects                                          
200090e4  pwm                                                             
200090f4  ti_sysbios_knl_Task_Instance_State_0_hookEnv__A                 
2003fc00  __stack                                                         
20040000  __STACK_END                                                     
e000e000  ti_sysbios_family_arm_m3_Hwi_nvic                               
ffffffff  __TI_pprof_out_hndl                                             
ffffffff  __TI_prof_data_size                                             
ffffffff  __TI_prof_data_start                                            
ffffffff  __binit__                                                       
ffffffff  __c_args__                                                      
ffffffff  binit                                                           
UNDEFED   SHT$$INIT_ARRAY$$Base                                           
UNDEFED   SHT$$INIT_ARRAY$$Limit                                          

[512 symbols]
